2026-09-30 11:44:01 | [INFO   ] | Логгер успешно сконфигурирован
2026-09-30 11:44:01 | [INFO   ] | Приложение запущено
2026-09-30 11:44:01 | [DEBUG  ] | Тест #1: Запрос с параметрами стороны A='3', B='4', C='5'
2026-09-30 11:44:01 | [INFO   ] | УСПЕШНЫЙ ЗАПРОС | Вход: (3, 4, 5) | Результат: Тип='разносторонний', Координаты=[(0, 0), (3, 0), (3, 4)]
2026-09-30 11:44:01 | [DEBUG  ] | Тест #2: Запрос с параметрами стороны A='5.5', B='5.5', C='5.5'
2026-09-30 11:44:01 | [INFO   ] | УСПЕШНЫЙ ЗАПРОС | Вход: (5.5, 5.5, 5.5) | Результат: Тип='равносторонний', Координаты=[(0, 0), (6, 0), (3, 5)]
2026-09-30 11:44:01 | [DEBUG  ] | Тест #3: Запрос с параметрами стороны A='7', B='7', C='10'
2026-09-30 11:44:01 | [INFO   ] | УСПЕШНЫЙ ЗАПРОС | Вход: (7, 7, 10) | Результат: Тип='равнобедренный', Координаты=[(0, 0), (7, 0), (7, 7)]
2026-09-30 11:44:01 | [DEBUG  ] | Тест #4: Запрос с параметрами стороны A='1', B='2', C='10'
2026-09-30 11:44:01 | [WARNING] | НЕУСПЕШНЫЙ ЗАПРОС | Вход: (1, 2, 10) | Причина: не треугольник. Координаты сброшены: [(-1, -1), (-1, -1), (-1, -1)]
2026-09-30 11:44:01 | [DEBUG  ] | Тест #5: Запрос с параметрами стороны A='-3', B='4', C='5'
2026-09-30 11:44:01 | [WARNING] | НЕУСПЕШНЫЙ ЗАПРОС | Вход: (-3, 4, 5) | Причина: не треугольник. Координаты сброшены: [(-1, -1), (-1, -1), (-1, -1)]
2026-09-30 11:44:01 | [DEBUG  ] | Тест #6: Запрос с параметрами стороны A='abc', B='4', C='5'
2026-09-30 11:44:01 | [WARNING] | НЕУСПЕШНЫЙ ЗАПРОС | Вход: (abc, 4, 5) | Причина: Нечисловые данные. Координаты сброшены: [(-2, -2), (-2, -2), (-2, -2)]
2026-09-30 11:44:01 | [INFO   ] | Приложение успешно завершило работу
2026-10-07 11:02:09 | [INFO   ] | Логгер успешно сконфигурирован
2026-10-07 11:02:09 | [INFO   ] | Приложение запущено
2026-10-07 11:02:09 | [DEBUG  ] | Тест #1: Запрос с параметрами стороны A='3', B='4', C='5'
2026-10-07 11:02:09 | [INFO   ] | УСПЕШНЫЙ ЗАПРОС | Вход: (3, 4, 5) | Результат: Тип='разносторонний', Координаты=[(0, 0), (3, 0), (3, 4)]
2026-10-07 11:02:09 | [DEBUG  ] | Тест #2: Запрос с параметрами стороны A='5.5', B='5.5', C='5.5'
2026-10-07 11:02:09 | [INFO   ] | УСПЕШНЫЙ ЗАПРОС | Вход: (5.5, 5.5, 5.5) | Результат: Тип='равносторонний', Координаты=[(0, 0), (6, 0), (3, 5)]
2026-10-07 11:02:09 | [DEBUG  ] | Тест #3: Запрос с параметрами стороны A='7', B='7', C='10'
2026-10-07 11:02:09 | [INFO   ] | УСПЕШНЫЙ ЗАПРОС | Вход: (7, 7, 10) | Результат: Тип='равнобедренный', Координаты=[(0, 0), (7, 0), (7, 7)]
2026-10-07 11:02:09 | [DEBUG  ] | Тест #4: Запрос с параметрами стороны A='1', B='2', C='10'
2026-10-07 11:02:09 | [WARNING] | НЕУСПЕШНЫЙ ЗАПРОС | Вход: (1, 2, 10) | Причина: не треугольник. Координаты сброшены: [(-1, -1), (-1, -1), (-1, -1)]
2026-10-07 11:02:09 | [DEBUG  ] | Тест #5: Запрос с параметрами стороны A='-3', B='4', C='5'
2026-10-07 11:02:09 | [WARNING] | НЕУСПЕШНЫЙ ЗАПРОС | Вход: (-3, 4, 5) | Причина: не треугольник. Координаты сброшены: [(-1, -1), (-1, -1), (-1, -1)]
2026-10-07 11:02:09 | [DEBUG  ] | Тест #6: Запрос с параметрами стороны A='abc', B='4', C='5'
2026-10-07 11:02:09 | [WARNING] | НЕУСПЕШНЫЙ ЗАПРОС | Вход: (abc, 4, 5) | Причина: Нечисловые данные. Координаты сброшены: [(-2, -2), (-2, -2), (-2, -2)]
2026-10-07 11:02:09 | [INFO   ] | Приложение успешно завершило работу
2026-10-07 11:02:26 | [INFO   ] | Логгер успешно сконфигурирован
2026-10-07 11:02:26 | [INFO   ] | Приложение запущено
2026-10-07 11:02:26 | [DEBUG  ] | Тест #1: Запрос с параметрами стороны A='3', B='4', C='5'
2026-10-07 11:02:26 | [INFO   ] | УСПЕШНЫЙ ЗАПРОС | Вход: (3, 4, 5) | Результат: Тип='разносторонний', Координаты=[(0, 0), (3, 0), (3, 4)]
2026-10-07 11:02:26 | [DEBUG  ] | Тест #2: Запрос с параметрами стороны A='5.5', B='5.5', C='5.5'
2026-10-07 11:02:26 | [INFO   ] | УСПЕШНЫЙ ЗАПРОС | Вход: (5.5, 5.5, 5.5) | Результат: Тип='равносторонний', Координаты=[(0, 0), (6, 0), (3, 5)]
2026-10-07 11:02:26 | [DEBUG  ] | Тест #3: Запрос с параметрами стороны A='7', B='7', C='10'
2026-10-07 11:02:26 | [INFO   ] | УСПЕШНЫЙ ЗАПРОС | Вход: (7, 7, 10) | Результат: Тип='равнобедренный', Координаты=[(0, 0), (7, 0), (7, 7)]
2026-10-07 11:02:26 | [DEBUG  ] | Тест #4: Запрос с параметрами стороны A='1', B='2', C='10'
2026-10-07 11:02:26 | [WARNING] | НЕУСПЕШНЫЙ ЗАПРОС | Вход: (1, 2, 10) | Причина: не треугольник. Координаты сброшены: [(-1, -1), (-1, -1), (-1, -1)]
2026-10-07 11:02:26 | [DEBUG  ] | Тест #5: Запрос с параметрами стороны A='-3', B='4', C='5'
2026-10-07 11:02:26 | [WARNING] | НЕУСПЕШНЫЙ ЗАПРОС | Вход: (-3, 4, 5) | Причина: не треугольник. Координаты сброшены: [(-1, -1), (-1, -1), (-1, -1)]
2026-10-07 11:02:26 | [DEBUG  ] | Тест #6: Запрос с параметрами стороны A='abc', B='4', C='5'
2026-10-07 11:02:26 | [WARNING] | НЕУСПЕШНЫЙ ЗАПРОС | Вход: (abc, 4, 5) | Причина: Нечисловые данные. Координаты сброшены: [(-2, -2), (-2, -2), (-2, -2)]
2026-10-07 11:02:26 | [INFO   ] | Приложение успешно завершило работу
2026-10-07 11:10:55 | [INFO   ] | Логгер успешно сконфигурирован
2026-10-07 11:10:55 | [INFO   ] | Приложение запущено
2026-10-07 11:10:59 | [DEBUG  ] | Тест #1: Запрос с параметрами стороны A='5', B='5', C='5'
2026-10-07 11:10:59 | [INFO   ] | УСПЕШНЫЙ ЗАПРОС | Вход: (5, 5, 5) | Результат: Тип='равносторонний', Координаты=[(0, 0), (5, 0), (2, 4)]
2026-10-07 11:11:17 | [DEBUG  ] | Тест #2: Запрос с параметрами стороны A='1', B='2', C='3'
2026-10-07 11:11:17 | [WARNING] | НЕУСПЕШНЫЙ ЗАПРОС | Вход: (1, 2, 3) | Причина: не треугольник. Координаты сброшены: [(-1, -1), (-1, -1), (-1, -1)]
2026-10-07 11:11:36 | [DEBUG  ] | Тест #3: Запрос с параметрами стороны A='5', B='5', C='1'
2026-10-07 11:11:36 | [INFO   ] | УСПЕШНЫЙ ЗАПРОС | Вход: (5, 5, 1) | Результат: Тип='равнобедренный', Координаты=[(0, 0), (5, 0), (0, 1)]
2026-10-07 11:11:46 | [INFO   ] | Приложение успешно завершило работу
2026-10-07 11:12:30 | [INFO   ] | Логгер успешно сконфигурирован
2026-10-07 11:12:30 | [INFO   ] | Приложение запущено
2026-10-07 11:12:47 | [DEBUG  ] | Тест #1: Запрос с параметрами стороны A='5', B='5', C='5'
2026-10-07 11:12:47 | [INFO   ] | УСПЕШНЫЙ ЗАПРОС | Вход: (5, 5, 5) | Результат: Тип='равносторонний', Координаты=[(0, 0), (5, 0), (2, 4)]
2026-10-07 11:13:52 | [DEBUG  ] | Тест #2: Запрос с параметрами стороны A='0.1', B='0.2', C='0.3'
2026-10-07 11:13:52 | [INFO   ] | УСПЕШНЫЙ ЗАПРОС | Вход: (0.1, 0.2, 0.3) | Результат: Тип='разносторонний', Координаты=[(0, 0), (0, 0), (0, 0)]
2026-10-07 11:14:17 | [DEBUG  ] | Тест #3: Запрос с параметрами стороны A='1', B='1', C='1'
2026-10-07 11:14:17 | [INFO   ] | УСПЕШНЫЙ ЗАПРОС | Вход: (1, 1, 1) | Результат: Тип='равносторонний', Координаты=[(0, 0), (1, 0), (0, 1)]
2026-10-07 11:14:21 | [INFO   ] | Приложение успешно завершило работу
2026-10-07 11:22:41 | [INFO   ] | Логгер успешно сконфигурирован
2026-10-07 11:22:41 | [INFO   ] | Приложение запущено
2026-10-07 11:22:45 | [DEBUG  ] | Тест #1: Запрос с параметрами стороны A='а', B='а', C='а'
2026-10-07 11:22:45 | [WARNING] | НЕУСПЕШНЫЙ ЗАПРОС | Вход: (а, а, а) | Причина: Нечисловые данные. Координаты сброшены: [(-2, -2), (-2, -2), (-2, -2)]
2026-10-07 11:29:16 | [INFO   ] | Приложение успешно завершило работу
2026-10-07 11:29:17 | [INFO   ] | Логгер успешно сконфигурирован
2026-10-07 11:29:17 | [INFO   ] | Приложение запущено
2026-10-07 11:29:38 | [INFO   ] | Получены входные данные: A=1, B=2, C=3
2026-10-07 11:29:38 | [WARNING] | Некорректные размеры сторон для треугольника: A=1.0, B=2.0, C=3.0
2026-10-07 11:30:05 | [INFO   ] | Получены входные данные: A=0.1, B=0.2, C=0.3
2026-10-07 11:30:05 | [WARNING] | Некорректные размеры сторон для треугольника: A=0.1, B=0.2, C=0.3
2026-10-07 11:30:11 | [INFO   ] | Получены входные данные: A=1, B=1, C=1
2026-10-07 11:30:11 | [INFO   ] | Определен тип треугольника: равносторонний
2026-10-07 11:30:11 | [INFO   ] | Рассчитаны координаты вершин: [(10, 80), (80, 80), (45, 19)]
2026-10-07 11:30:16 | [INFO   ] | Получены входные данные: A=5, B=5, C=2
2026-10-07 11:30:16 | [INFO   ] | Определен тип треугольника: равнобедренный
2026-10-07 11:30:16 | [INFO   ] | Рассчитаны координаты вершин: [(10, 80), (80, 80), (24, 11)]
2026-10-07 11:33:36 | [INFO   ] | Логгер успешно сконфигурирован
2026-10-07 11:33:36 | [INFO   ] | Приложение запущено
2026-10-07 11:33:43 | [INFO   ] | Получены входные данные: A=1, B=2, C=3
2026-10-07 11:33:43 | [WARNING] | Некорректные размеры сторон для треугольника: A=1.0, B=2.0, C=3.0
2026-10-07 11:33:50 | [INFO   ] | Приложение завершено пользователем через Ctrl+C.
2026-10-07 11:33:52 | [INFO   ] | Логгер успешно сконфигурирован
2026-10-07 11:33:52 | [INFO   ] | Приложение запущено
2026-10-07 11:33:55 | [INFO   ] | Получены входные данные: A=1, B=2, C=3
2026-10-07 11:33:55 | [WARNING] | Некорректные размеры сторон для треугольника: A=1.0, B=2.0, C=3.0
2026-10-07 11:34:03 | [INFO   ] | Получены входные данные: A=0.1, B=0.2, C=0.3
2026-10-07 11:34:03 | [WARNING] | Некорректные размеры сторон для треугольника: A=0.1, B=0.2, C=0.3
2026-10-07 11:44:34 | [INFO   ] | Приложение завершено пользователем через Ctrl+C.
2026-10-07 11:44:41 | [INFO   ] | Логгер успешно сконфигурирован
2026-10-07 11:44:41 | [INFO   ] | Приложение запущено
2026-10-07 11:46:01 | [INFO   ] | Приложение завершено пользователем через Ctrl+C.
2026-10-07 11:46:02 | [INFO   ] | Логгер успешно сконфигурирован
2026-10-07 11:46:02 | [INFO   ] | Приложение запущено
2026-10-07 11:46:11 | [INFO   ] | Получены входные данные: A=0.1, B=0.2, C=0.3
2026-10-07 11:46:11 | [WARNING] | Некорректные размеры сторон для треугольника: A=0.1, B=0.2, C=0.3
2026-10-07 11:46:18 | [INFO   ] | Получены входные данные: A=a, B=b, C=c
2026-10-07 11:46:18 | [ERROR  ] | Ошибка: переданы нечисловые (невалидные) данные.
2026-10-07 11:46:18 | [ERROR  ] | Детали ошибки конвертации:
Traceback (most recent call last):
  File "/Users/glazedcured/Documents/PTPM-VKI/triangle.py", line 10, in calculate_triangle
    a = float(str_a)
ValueError: could not convert string to float: 'a'
2026-10-07 11:46:24 | [INFO   ] | Получены входные данные: A=-1, B=-1, C=-1
2026-10-07 11:46:24 | [WARNING] | Некорректные размеры сторон для треугольника: A=-1.0, B=-1.0, C=-1.0
2026-10-07 11:46:29 | [INFO   ] | Получены входные данные: A=5, B=5, C=2
2026-10-07 11:46:29 | [INFO   ] | Определен тип треугольника: равнобедренный
2026-10-07 11:46:29 | [INFO   ] | Рассчитаны координаты вершин: [(10, 80), (80, 80), (24, 11)]
2026-10-07 11:46:33 | [INFO   ] | Получены входные данные: A=5, B=5, C=5
2026-10-07 11:46:33 | [INFO   ] | Определен тип треугольника: равносторонний
2026-10-07 11:46:33 | [INFO   ] | Рассчитаны координаты вершин: [(10, 80), (80, 80), (45, 19)]
2026-10-07 11:46:39 | [INFO   ] | Получены входные данные: A=1, B=4, C=5
2026-10-07 11:46:39 | [WARNING] | Некорректные размеры сторон для треугольника: A=1.0, B=4.0, C=5.0
2026-10-07 11:46:51 | [INFO   ] | Получены входные данные: A=1, B=2, C=4
2026-10-07 11:46:51 | [WARNING] | Некорректные размеры сторон для треугольника: A=1.0, B=2.0, C=4.0
2026-10-07 11:47:06 | [INFO   ] | Получены входные данные: A=6, B=8, C=1
2026-10-07 11:47:06 | [WARNING] | Некорректные размеры сторон для треугольника: A=6.0, B=8.0, C=1.0
2026-10-07 11:47:39 | [INFO   ] | Получены входные данные: A=6, B=8, C=10
2026-10-07 11:47:39 | [INFO   ] | Определен тип треугольника: разносторонний
2026-10-07 11:47:39 | [INFO   ] | Рассчитаны координаты вершин: [(10, 80), (52, 80), (54, 46)]
